[
  "\\MsBuildDirectory\\Weaver1.Fody\\Weaver1.Fody.dll",
  "\\MsBuildDirectory\\Weaver2.Fody\\netclassicweaver\\Weaver2.Fody.dll",
  "\\NuGetPackageRoot\\Weaver5.Fody.1.0.0\\Weaver5.Fody.dll",
  "\\NuGetPackageRoot\\Weaver6.Fody.1.0.0\\netclassicweaver\\Weaver6.Fody.dll",
  "\\NuGetPackageRoot\\Weaver3.Fody\\Weaver3.Fody.dll",
  "\\NuGetPackageRoot\\Weaver4.Fody\\netclassicweaver\\Weaver4.Fody.dll"
]