.assembly extern mscorlib
{
.publickeytoken = (B7 7A 5C 56 19 34 E0 89 )                         // .z\V.4..
.ver 4:0:0:0
}
.assembly DummyAssembly
{
63 65 70 74 69 6F 6E 54 68 72 6F 77 73 01 )       // ceptionThrows.
2C 56 65 72 73 69 6F 6E 3D 76 34 2E 36 01 00 54   // ,Version=v4.6..T
0E 14 46 72 61 6D 65 77 6F 72 6B 44 69 73 70 6C   // ..FrameworkDispl
61 79 4E 61 6D 65 12 2E 4E 45 54 20 46 72 61 6D   // ayName..NET Fram
65 77 6F 72 6B 20 34 2E 36 )                      // ework 4.6
.hash algorithm 0x00008004
.ver 0:0:0:0
}
.module DummyAssembly.dll
.imagebase 0x10000000
.file alignment 0x00000200
.stackreserve 0x00100000
.subsystem 0x0003       // WINDOWS_CUI
.corflags 0x00000001    //  ILONLY
.class public auto ansi beforefieldinit DummyAssembly.Class1
extends [mscorlib]System.Object
{
.field private int32 'field'
.method public hidebysig instance void
Method(int32 param) cil managed
{
.maxstack  8
IL_0000:  ldarg.0
IL_0001:  ldarg.1
IL_0002:  stfld      int32 DummyAssembly.Class1::'field'
IL_0007:  ldarg.1
IL_0008:  ldc.i4.1
IL_0009:  add
IL_000a:  starg.s    param
IL_000c:  ldarg.1
IL_000d:  ldarg.0
IL_000e:  ldfld      int32 DummyAssembly.Class1::'field'
IL_0013:  bne.un.s   IL_0023
IL_0015:  ldarg.0
IL_0016:  ldarg.0
IL_0017:  ldfld      int32 DummyAssembly.Class1::'field'
IL_001c:  ldc.i4.1
IL_001d:  sub
IL_001e:  stfld      int32 DummyAssembly.Class1::'field'
IL_0023:  ret
}
.method public hidebysig specialname rtspecialname
instance void  .ctor() cil managed
{
.maxstack  8
IL_0000:  ldarg.0
IL_0001:  call       instance void [mscorlib]System.Object::.ctor()
IL_0006:  ret
}
}
