{
  "Errors": [],
  "Messages": [
    {
      "Text": "\tRemoving reference to 'Tests'.",
      "MessageImportance": "Low"
    }
  ],
  "Warnings": [],
  "AssemblyPath": "\fodytemp\DummyAssembly.dll",
  "FullName": "DummyAssembly, Version=0.0.0.0, Culture=neutral, PublicKeyToken=null"
}