Could not extract 'Name' from xml config. Null, empty, or whitespace are invalid.