.class public auto ansi beforefieldinit DummyAssembly.Class1
extends [mscorlib]System.Object
{
.method public hidebysig instance void
Method(int32 param) cil managed
{
.maxstack  8
IL_0000:  ldarg.0
IL_0001:  ldarg.1
IL_0002:  stfld      int32 DummyAssembly.Class1::'field'
IL_0007:  ldarg.1
IL_0008:  ldc.i4.1
IL_0009:  add
IL_000a:  starg.s    param
IL_000c:  ldarg.1
IL_000d:  ldarg.0
IL_000e:  ldfld      int32 DummyAssembly.Class1::'field'
IL_0013:  bne.un.s   IL_0023
IL_0015:  ldarg.0
IL_0016:  ldarg.0
IL_0017:  ldfld      int32 DummyAssembly.Class1::'field'
IL_001c:  ldc.i4.1
IL_001d:  sub
IL_001e:  stfld      int32 DummyAssembly.Class1::'field'
IL_0023:  ret
}
}
