{
  Messages: [
    {
      Text: '\tRemoving reference to \'Tests\'.',
      MessageImportance: 'Low'
    }
  ],
  AssemblyPath: '\fodytemp\DummyAssembly.dll',
  FullName: 'DummyAssembly, Version=0.0.0.0, Culture=neutral, PublicKeyToken=1ca091877d12ca03'
}